#-----------------------------------------------------------
# Vivado v2022.2 (64-bit)
# SW Build 3671981 on Fri Oct 14 04:59:54 MDT 2022
# IP Build 3669848 on Fri Oct 14 08:30:02 MDT 2022
# Start of session at: Tue Nov 14 09:44:51 2023
# Process ID: 6742
# Current directory: /home/fede/finalProject_EFES/basys3FPGA
# Command line: vivado
# Log file: /home/fede/finalProject_EFES/basys3FPGA/vivado.log
# Journal file: /home/fede/finalProject_EFES/basys3FPGA/vivado.jou
# Running On: fede-Lenovo-V330-15IKB, OS: Linux, CPU Frequency: 2999.225 MHz, CPU Physical cores: 4, Host memory: 11836 MB
#-----------------------------------------------------------
start_gui
open_project /home/fede/efes_finalProj/basys3_FPGA/UART_efes/UART_efes.xpr
update_compile_order -fileset sources_1
save_project_as project_EFES /home/fede/finalProject_EFES/basys3FPGA/project_EFES -force
open_hw_manager
connect_hw_server -allow_non_jtag
open_hw_target
set_property PROGRAM.FILE {/home/fede/finalProject_EFES/basys3FPGA/project_EFES/project_EFES.runs/impl_1/UART_top.bit} [get_hw_devices xc7a35t_0]
current_hw_device [get_hw_devices xc7a35t_0]
refresh_hw_device -update_hw_probes false [lindex [get_hw_devices xc7a35t_0] 0]
set_property PROBES.FILE {} [get_hw_devices xc7a35t_0]
set_property FULL_PROBES.FILE {} [get_hw_devices xc7a35t_0]
set_property PROGRAM.FILE {/home/fede/finalProject_EFES/basys3FPGA/project_EFES/project_EFES.runs/impl_1/UART_top.bit} [get_hw_devices xc7a35t_0]
program_hw_devices [get_hw_devices xc7a35t_0]
refresh_hw_device [lindex [get_hw_devices xc7a35t_0] 0]
disconnect_hw_server localhost:3121
connect_hw_server -allow_non_jtag
disconnect_hw_server localhost:3121
connect_hw_server -allow_non_jtag
open_hw_target
set_property PROGRAM.FILE {/home/fede/finalProject_EFES/basys3FPGA/project_EFES/project_EFES.runs/impl_1/UART_top.bit} [get_hw_devices xc7a35t_0]
current_hw_device [get_hw_devices xc7a35t_0]
refresh_hw_device -update_hw_probes false [lindex [get_hw_devices xc7a35t_0] 0]
set_property PROBES.FILE {} [get_hw_devices xc7a35t_0]
set_property FULL_PROBES.FILE {} [get_hw_devices xc7a35t_0]
set_property PROGRAM.FILE {/home/fede/finalProject_EFES/basys3FPGA/project_EFES/project_EFES.runs/impl_1/UART_top.bit} [get_hw_devices xc7a35t_0]
program_hw_devices [get_hw_devices xc7a35t_0]
refresh_hw_device [lindex [get_hw_devices xc7a35t_0] 0]
